Using device: cuda
Document table: docs
Document id column: id
Document text column: text
Loaded queries: 808731
Excluded token ids: [101, 102]
Excluded tokens: ['[CLS]', '[SEP]']
Effective trainable embedding parameters: 31252480
Total model parameters: 335143938
Effective trainable percentage: 9.325091835616016
Step 100/100000 | loss = 0.7094
Step 200/100000 | loss = 0.7114
Step 300/100000 | loss = 0.7142
Step 400/100000 | loss = 0.7165
Step 500/100000 | loss = 0.7112
Step 600/100000 | loss = 0.7175
Step 700/100000 | loss = 0.7191
Step 800/100000 | loss = 0.7193
Step 900/100000 | loss = 0.7124
Step 1000/100000 | loss = 0.7097
Step 1100/100000 | loss = 0.7082
Step 1200/100000 | loss = 0.7089
Step 1300/100000 | loss = 0.7152
Step 1400/100000 | loss = 0.7169
Step 1500/100000 | loss = 0.7135
Step 1600/100000 | loss = 0.7119
Step 1700/100000 | loss = 0.7151
Step 1800/100000 | loss = 0.7075
Step 1900/100000 | loss = 0.7155
Step 2000/100000 | loss = 0.7123
Step 2100/100000 | loss = 0.7087
Step 2200/100000 | loss = 0.7121
Step 2300/100000 | loss = 0.7142
Step 2400/100000 | loss = 0.7171
Step 2500/100000 | loss = 0.7079
Step 2600/100000 | loss = 0.7071
Step 2700/100000 | loss = 0.7102
Step 2800/100000 | loss = 0.7080
Step 2900/100000 | loss = 0.7046
Step 3000/100000 | loss = 0.7010
Step 3100/100000 | loss = 0.6933
Step 3200/100000 | loss = 0.6889
Step 3300/100000 | loss = 0.6986
Step 3400/100000 | loss = 0.6883
Step 3500/100000 | loss = 0.6953
Step 3600/100000 | loss = 0.6849
Step 3700/100000 | loss = 0.6795
Step 3800/100000 | loss = 0.6819
Step 3900/100000 | loss = 0.6784
Step 4000/100000 | loss = 0.6748
Step 4100/100000 | loss = 0.6776
Step 4200/100000 | loss = 0.6754
Step 4300/100000 | loss = 0.6769
Step 4400/100000 | loss = 0.6781
Step 4500/100000 | loss = 0.6816
Step 4600/100000 | loss = 0.6772
Step 4700/100000 | loss = 0.6671
Step 4800/100000 | loss = 0.6866
Step 4900/100000 | loss = 0.6786
Step 5000/100000 | loss = 0.6697
Step 5100/100000 | loss = 0.6788
Step 5200/100000 | loss = 0.6707
Step 5300/100000 | loss = 0.6691
Step 5400/100000 | loss = 0.6685
Step 5500/100000 | loss = 0.6753
Step 5600/100000 | loss = 0.6717
Step 5700/100000 | loss = 0.6672
Step 5800/100000 | loss = 0.6674
Step 5900/100000 | loss = 0.6694
Step 6000/100000 | loss = 0.6693
Step 6100/100000 | loss = 0.6707
Step 6200/100000 | loss = 0.6686
Step 6300/100000 | loss = 0.6579
Step 6400/100000 | loss = 0.6635
Step 6500/100000 | loss = 0.6573
Step 6600/100000 | loss = 0.6686
Step 6700/100000 | loss = 0.6564
Step 6800/100000 | loss = 0.6583
Step 6900/100000 | loss = 0.6670
Step 7000/100000 | loss = 0.6560
Step 7100/100000 | loss = 0.6672
Step 7200/100000 | loss = 0.6555
Step 7300/100000 | loss = 0.6576
Step 7400/100000 | loss = 0.6518
Step 7500/100000 | loss = 0.6637
Step 7600/100000 | loss = 0.6493
Step 7700/100000 | loss = 0.6575
Step 7800/100000 | loss = 0.6554
Step 7900/100000 | loss = 0.6627
Step 8000/100000 | loss = 0.6492
Step 8100/100000 | loss = 0.6606
Step 8200/100000 | loss = 0.6554
Step 8300/100000 | loss = 0.6474
Step 8400/100000 | loss = 0.6588
Step 8500/100000 | loss = 0.6423
Step 8600/100000 | loss = 0.6473
Step 8700/100000 | loss = 0.6482
Step 8800/100000 | loss = 0.6591
Step 8900/100000 | loss = 0.6574
Step 9000/100000 | loss = 0.6500
Step 9100/100000 | loss = 0.6515
Step 9200/100000 | loss = 0.6524
Step 9300/100000 | loss = 0.6496
Step 9400/100000 | loss = 0.6420
Step 9500/100000 | loss = 0.6480
Step 9600/100000 | loss = 0.6480
Step 9700/100000 | loss = 0.6531
Step 9800/100000 | loss = 0.6487
Step 9900/100000 | loss = 0.6466
Step 10000/100000 | loss = 0.6442
Saved checkpoint: outputs/approach7_all_embeddings_except_cls_sep/checkpoint-10000
Step 10100/100000 | loss = 0.6439
Step 10200/100000 | loss = 0.6409
Step 10300/100000 | loss = 0.6468
Step 10400/100000 | loss = 0.6512
Step 10500/100000 | loss = 0.6454
Step 10600/100000 | loss = 0.6409
Step 10700/100000 | loss = 0.6529
Step 10800/100000 | loss = 0.6333
Step 10900/100000 | loss = 0.6421
Step 11000/100000 | loss = 0.6404
Step 11100/100000 | loss = 0.6426
Step 11200/100000 | loss = 0.6347
Step 11300/100000 | loss = 0.6436
Step 11400/100000 | loss = 0.6467
Step 11500/100000 | loss = 0.6318
Step 11600/100000 | loss = 0.6399
Step 11700/100000 | loss = 0.6300
Step 11800/100000 | loss = 0.6416
Step 11900/100000 | loss = 0.6336
Step 12000/100000 | loss = 0.6248
Step 12100/100000 | loss = 0.6241
Step 12200/100000 | loss = 0.6347
Step 12300/100000 | loss = 0.6179
Step 12400/100000 | loss = 0.6228
Step 12500/100000 | loss = 0.6291
Step 12600/100000 | loss = 0.6365
Step 12700/100000 | loss = 0.6355
Step 12800/100000 | loss = 0.6312
Step 12900/100000 | loss = 0.6332
Step 13000/100000 | loss = 0.6354
Step 13100/100000 | loss = 0.6442
Step 13200/100000 | loss = 0.6280
Step 13300/100000 | loss = 0.6311
Step 13400/100000 | loss = 0.6303
Step 13500/100000 | loss = 0.6394
Step 13600/100000 | loss = 0.6237
Step 13700/100000 | loss = 0.6297
Step 13800/100000 | loss = 0.6352
Step 13900/100000 | loss = 0.6347
Step 14000/100000 | loss = 0.6299
Step 14100/100000 | loss = 0.6220
Step 14200/100000 | loss = 0.6179
Step 14300/100000 | loss = 0.6286
Step 14400/100000 | loss = 0.6312
Step 14500/100000 | loss = 0.6208
Step 14600/100000 | loss = 0.6241
Step 14700/100000 | loss = 0.6315
Step 14800/100000 | loss = 0.6319
Step 14900/100000 | loss = 0.6259
Step 15000/100000 | loss = 0.6202
Step 15100/100000 | loss = 0.6258
Step 15200/100000 | loss = 0.6309
Step 15300/100000 | loss = 0.6344
Step 15400/100000 | loss = 0.6278
Step 15500/100000 | loss = 0.6199
Step 15600/100000 | loss = 0.6323
Step 15700/100000 | loss = 0.6249
Step 15800/100000 | loss = 0.6242
Step 15900/100000 | loss = 0.6378
Step 16000/100000 | loss = 0.6306
Step 16100/100000 | loss = 0.6190
Step 16200/100000 | loss = 0.6326
Step 16300/100000 | loss = 0.6260
Step 16400/100000 | loss = 0.6272
Step 16500/100000 | loss = 0.6231
Step 16600/100000 | loss = 0.6289
Step 16700/100000 | loss = 0.6153
Step 16800/100000 | loss = 0.6248
Step 16900/100000 | loss = 0.6245
Step 17000/100000 | loss = 0.6220
Step 17100/100000 | loss = 0.6277
Step 17200/100000 | loss = 0.6229
Step 17300/100000 | loss = 0.6214
Step 17400/100000 | loss = 0.6212
Step 17500/100000 | loss = 0.6236
Step 17600/100000 | loss = 0.6269
Step 17700/100000 | loss = 0.6172
Step 17800/100000 | loss = 0.6254
Step 17900/100000 | loss = 0.6244
Step 18000/100000 | loss = 0.6145
Step 18100/100000 | loss = 0.6140
Step 18200/100000 | loss = 0.6198
Step 18300/100000 | loss = 0.6194
Step 18400/100000 | loss = 0.6163
Step 18500/100000 | loss = 0.6131
Step 18600/100000 | loss = 0.6141
Step 18700/100000 | loss = 0.6230
Step 18800/100000 | loss = 0.6243
Step 18900/100000 | loss = 0.6227
Step 19000/100000 | loss = 0.6177
Step 19100/100000 | loss = 0.6186
Step 19200/100000 | loss = 0.6205
Step 19300/100000 | loss = 0.6087
Step 19400/100000 | loss = 0.6214
Step 19500/100000 | loss = 0.6124
Step 19600/100000 | loss = 0.6108
Step 19700/100000 | loss = 0.6208
Step 19800/100000 | loss = 0.6049
Step 19900/100000 | loss = 0.6165
Step 20000/100000 | loss = 0.6196
Saved checkpoint: outputs/approach7_all_embeddings_except_cls_sep/checkpoint-20000
Step 20100/100000 | loss = 0.6194
Step 20200/100000 | loss = 0.6148
Step 20300/100000 | loss = 0.6127
Step 20400/100000 | loss = 0.6151
Step 20500/100000 | loss = 0.6210
Step 20600/100000 | loss = 0.6210
Step 20700/100000 | loss = 0.6132
Step 20800/100000 | loss = 0.6197
Step 20900/100000 | loss = 0.6146
Step 21000/100000 | loss = 0.6146
Step 21100/100000 | loss = 0.6075
Step 21200/100000 | loss = 0.6170
Step 21300/100000 | loss = 0.6027
Step 21400/100000 | loss = 0.6144
Step 21500/100000 | loss = 0.6117
Step 21600/100000 | loss = 0.6146
Step 21700/100000 | loss = 0.6198
Step 21800/100000 | loss = 0.6050
Step 21900/100000 | loss = 0.6110
Step 22000/100000 | loss = 0.6135
Step 22100/100000 | loss = 0.6124
Step 22200/100000 | loss = 0.6143
Step 22300/100000 | loss = 0.6100
Step 22400/100000 | loss = 0.6089
Step 22500/100000 | loss = 0.6186
Step 22600/100000 | loss = 0.6087
Step 22700/100000 | loss = 0.6098
Step 22800/100000 | loss = 0.6194
Step 22900/100000 | loss = 0.6160
Step 23000/100000 | loss = 0.6151
Step 23100/100000 | loss = 0.6108
Step 23200/100000 | loss = 0.6136
Step 23300/100000 | loss = 0.6142
Step 23400/100000 | loss = 0.6063
Step 23500/100000 | loss = 0.6146
Step 23600/100000 | loss = 0.6159
Step 23700/100000 | loss = 0.6132
Step 23800/100000 | loss = 0.6071
Step 23900/100000 | loss = 0.6046
Step 24000/100000 | loss = 0.6117
Step 24100/100000 | loss = 0.6172
Step 24200/100000 | loss = 0.6066
Step 24300/100000 | loss = 0.6057
Step 24400/100000 | loss = 0.6071
Step 24500/100000 | loss = 0.6117
Step 24600/100000 | loss = 0.6114
Step 24700/100000 | loss = 0.6039
Step 24800/100000 | loss = 0.6025
Step 24900/100000 | loss = 0.6074
Step 25000/100000 | loss = 0.6095
Step 25100/100000 | loss = 0.6025
Step 25200/100000 | loss = 0.6107
Step 25300/100000 | loss = 0.6151
Step 25400/100000 | loss = 0.6085
Step 25500/100000 | loss = 0.5958
Step 25600/100000 | loss = 0.6105
Step 25700/100000 | loss = 0.6127
Step 25800/100000 | loss = 0.6075
Step 25900/100000 | loss = 0.6065
Step 26000/100000 | loss = 0.6051
Step 26100/100000 | loss = 0.6045
Step 26200/100000 | loss = 0.6032
Step 26300/100000 | loss = 0.5996
Step 26400/100000 | loss = 0.6133
Step 26500/100000 | loss = 0.5958
Step 26600/100000 | loss = 0.6022
Step 26700/100000 | loss = 0.5941
Step 26800/100000 | loss = 0.5987
Step 26900/100000 | loss = 0.6013
Step 27000/100000 | loss = 0.6115
Step 27100/100000 | loss = 0.6038
Step 27200/100000 | loss = 0.6046
Step 27300/100000 | loss = 0.6062
Step 27400/100000 | loss = 0.5960
Step 27500/100000 | loss = 0.6059
Step 27600/100000 | loss = 0.5987
Step 27700/100000 | loss = 0.6042
Step 27800/100000 | loss = 0.6088
Step 27900/100000 | loss = 0.6070
Step 28000/100000 | loss = 0.6067
Step 28100/100000 | loss = 0.6003
Step 28200/100000 | loss = 0.6031
Step 28300/100000 | loss = 0.6143
Step 28400/100000 | loss = 0.5993
Step 28500/100000 | loss = 0.6037
Step 28600/100000 | loss = 0.6095
Step 28700/100000 | loss = 0.6072
Step 28800/100000 | loss = 0.6018
Step 28900/100000 | loss = 0.6015
Step 29000/100000 | loss = 0.6046
Step 29100/100000 | loss = 0.6033
Step 29200/100000 | loss = 0.5966
Step 29300/100000 | loss = 0.6091
Step 29400/100000 | loss = 0.5956
Step 29500/100000 | loss = 0.5952
Step 29600/100000 | loss = 0.5999
Step 29700/100000 | loss = 0.5920
Step 29800/100000 | loss = 0.5950
Step 29900/100000 | loss = 0.6043
Step 30000/100000 | loss = 0.6088
Saved checkpoint: outputs/approach7_all_embeddings_except_cls_sep/checkpoint-30000
Step 30100/100000 | loss = 0.5979
Step 30200/100000 | loss = 0.6036
Step 30300/100000 | loss = 0.5911
Step 30400/100000 | loss = 0.6032
Step 30500/100000 | loss = 0.6057
Step 30600/100000 | loss = 0.6041
Step 30700/100000 | loss = 0.6011
Step 30800/100000 | loss = 0.5979
Step 30900/100000 | loss = 0.6011
Step 31000/100000 | loss = 0.5999
Step 31100/100000 | loss = 0.6055
Step 31200/100000 | loss = 0.6080
Step 31300/100000 | loss = 0.5983
Step 31400/100000 | loss = 0.5988
Step 31500/100000 | loss = 0.5955
Step 31600/100000 | loss = 0.5906
Step 31700/100000 | loss = 0.5930
Step 31800/100000 | loss = 0.5982
Step 31900/100000 | loss = 0.6085
Step 32000/100000 | loss = 0.5993
Step 32100/100000 | loss = 0.6005
Step 32200/100000 | loss = 0.5976
Step 32300/100000 | loss = 0.5983
Step 32400/100000 | loss = 0.5889
Step 32500/100000 | loss = 0.5902
Step 32600/100000 | loss = 0.6008
Step 32700/100000 | loss = 0.5959
Step 32800/100000 | loss = 0.5918
Step 32900/100000 | loss = 0.5917
Step 33000/100000 | loss = 0.6070
Step 33100/100000 | loss = 0.5895
Step 33200/100000 | loss = 0.5968
Step 33300/100000 | loss = 0.5851
Step 33400/100000 | loss = 0.5910
Step 33500/100000 | loss = 0.6025
Step 33600/100000 | loss = 0.5903
Step 33700/100000 | loss = 0.5848
Step 33800/100000 | loss = 0.5881
Step 33900/100000 | loss = 0.6034
Step 34000/100000 | loss = 0.5900
Step 34100/100000 | loss = 0.5996
Step 34200/100000 | loss = 0.5981
Step 34300/100000 | loss = 0.5964
Step 34400/100000 | loss = 0.5959
Step 34500/100000 | loss = 0.6001
Step 34600/100000 | loss = 0.5938
Step 34700/100000 | loss = 0.5939
Step 34800/100000 | loss = 0.5819
Step 34900/100000 | loss = 0.5841
Step 35000/100000 | loss = 0.5941
Step 35100/100000 | loss = 0.5931
Step 35200/100000 | loss = 0.5929
Step 35300/100000 | loss = 0.5916
Step 35400/100000 | loss = 0.5849
Step 35500/100000 | loss = 0.5911
Step 35600/100000 | loss = 0.5915
Step 35700/100000 | loss = 0.5963
Step 35800/100000 | loss = 0.5844
Step 35900/100000 | loss = 0.5912
Step 36000/100000 | loss = 0.5964
Step 36100/100000 | loss = 0.5914
Step 36200/100000 | loss = 0.5846
Step 36300/100000 | loss = 0.5910
Step 36400/100000 | loss = 0.5869
Step 36500/100000 | loss = 0.5972
Step 36600/100000 | loss = 0.5863
Step 36700/100000 | loss = 0.5772
Step 36800/100000 | loss = 0.5843
Step 36900/100000 | loss = 0.5868
Step 37000/100000 | loss = 0.5863
Step 37100/100000 | loss = 0.5803
Step 37200/100000 | loss = 0.5772
Step 37300/100000 | loss = 0.5852
Step 37400/100000 | loss = 0.5832
Step 37500/100000 | loss = 0.5877
Step 37600/100000 | loss = 0.5806
Step 37700/100000 | loss = 0.5813
Step 37800/100000 | loss = 0.5856
Step 37900/100000 | loss = 0.5943
Step 38000/100000 | loss = 0.5839
Step 38100/100000 | loss = 0.5927
Step 38200/100000 | loss = 0.5882
Step 38300/100000 | loss = 0.5847
Step 38400/100000 | loss = 0.5789
Step 38500/100000 | loss = 0.5908
Step 38600/100000 | loss = 0.5913
Step 38700/100000 | loss = 0.5846
Step 38800/100000 | loss = 0.5905
Step 38900/100000 | loss = 0.5793
Step 39000/100000 | loss = 0.5880
Step 39100/100000 | loss = 0.5849
Step 39200/100000 | loss = 0.5787
Step 39300/100000 | loss = 0.5806
Step 39400/100000 | loss = 0.5748
Step 39500/100000 | loss = 0.5841
Step 39600/100000 | loss = 0.5848
Step 39700/100000 | loss = 0.5772
Step 39800/100000 | loss = 0.5818
Step 39900/100000 | loss = 0.5839
Step 40000/100000 | loss = 0.5804
Saved checkpoint: outputs/approach7_all_embeddings_except_cls_sep/checkpoint-40000
Step 40100/100000 | loss = 0.5804
Step 40200/100000 | loss = 0.5878
Step 40300/100000 | loss = 0.5859
Step 40400/100000 | loss = 0.5790
Step 40500/100000 | loss = 0.5933
Step 40600/100000 | loss = 0.5794
Step 40700/100000 | loss = 0.5836
Step 40800/100000 | loss = 0.5842
Step 40900/100000 | loss = 0.5889
Step 41000/100000 | loss = 0.5840
Step 41100/100000 | loss = 0.5810
Step 41200/100000 | loss = 0.5789
Step 41300/100000 | loss = 0.5743
Step 41400/100000 | loss = 0.5784
Step 41500/100000 | loss = 0.5827
Step 41600/100000 | loss = 0.5845
Step 41700/100000 | loss = 0.5809
Step 41800/100000 | loss = 0.5754
Step 41900/100000 | loss = 0.5812
Step 42000/100000 | loss = 0.5782
Step 42100/100000 | loss = 0.5763
Step 42200/100000 | loss = 0.5857
Step 42300/100000 | loss = 0.5807
Step 42400/100000 | loss = 0.5766
Step 42500/100000 | loss = 0.5788
Step 42600/100000 | loss = 0.5781
Step 42700/100000 | loss = 0.5813
Step 42800/100000 | loss = 0.5826
Step 42900/100000 | loss = 0.5835
Step 43000/100000 | loss = 0.5775
Step 43100/100000 | loss = 0.5800
Step 43200/100000 | loss = 0.5762
Step 43300/100000 | loss = 0.5828
Step 43400/100000 | loss = 0.5883
Step 43500/100000 | loss = 0.5744
Step 43600/100000 | loss = 0.5794
Step 43700/100000 | loss = 0.5689
Step 43800/100000 | loss = 0.5766
Step 43900/100000 | loss = 0.5818
Step 44000/100000 | loss = 0.5836
Step 44100/100000 | loss = 0.5799
Step 44200/100000 | loss = 0.5749
Step 44300/100000 | loss = 0.5782
Step 44400/100000 | loss = 0.5737
Step 44500/100000 | loss = 0.5779
Step 44600/100000 | loss = 0.5772
Step 44700/100000 | loss = 0.5696
Step 44800/100000 | loss = 0.5771
Step 44900/100000 | loss = 0.5697
Step 45000/100000 | loss = 0.5712
Step 45100/100000 | loss = 0.5756
Step 45200/100000 | loss = 0.5815
Step 45300/100000 | loss = 0.5785
Step 45400/100000 | loss = 0.5692
Step 45500/100000 | loss = 0.5696
Step 45600/100000 | loss = 0.5750
Step 45700/100000 | loss = 0.5636
Step 45800/100000 | loss = 0.5724
Step 45900/100000 | loss = 0.5851
Step 46000/100000 | loss = 0.5764
Step 46100/100000 | loss = 0.5617
Step 46200/100000 | loss = 0.5663
Step 46300/100000 | loss = 0.5675
Step 46400/100000 | loss = 0.5663
Step 46500/100000 | loss = 0.5716
Step 46600/100000 | loss = 0.5591
Step 46700/100000 | loss = 0.5754
Step 46800/100000 | loss = 0.5732
Step 46900/100000 | loss = 0.5746
Step 47000/100000 | loss = 0.5664
Step 47100/100000 | loss = 0.5651
Step 47200/100000 | loss = 0.5667
Step 47300/100000 | loss = 0.5692
Step 47400/100000 | loss = 0.5694
Step 47500/100000 | loss = 0.5824
Step 47600/100000 | loss = 0.5763
Step 47700/100000 | loss = 0.5719
Step 47800/100000 | loss = 0.5595
Step 47900/100000 | loss = 0.5649
Step 48000/100000 | loss = 0.5845
Step 48100/100000 | loss = 0.5795
Step 48200/100000 | loss = 0.5646
Step 48300/100000 | loss = 0.5816
Step 48400/100000 | loss = 0.5742
Step 48500/100000 | loss = 0.5676
Step 48600/100000 | loss = 0.5763
Step 48700/100000 | loss = 0.5777
Step 48800/100000 | loss = 0.5634
Step 48900/100000 | loss = 0.5796
Step 49000/100000 | loss = 0.5688
Step 49100/100000 | loss = 0.5752
Step 49200/100000 | loss = 0.5580
Step 49300/100000 | loss = 0.5612
Step 49400/100000 | loss = 0.5666
Step 49500/100000 | loss = 0.5737
Step 49600/100000 | loss = 0.5581
Step 49700/100000 | loss = 0.5631
Step 49800/100000 | loss = 0.5666
Step 49900/100000 | loss = 0.5670
Step 50000/100000 | loss = 0.5750
Saved checkpoint: outputs/approach7_all_embeddings_except_cls_sep/checkpoint-50000
Step 50100/100000 | loss = 0.5517
Step 50200/100000 | loss = 0.5672
Step 50300/100000 | loss = 0.5657
Step 50400/100000 | loss = 0.5738
Step 50500/100000 | loss = 0.5698
Step 50600/100000 | loss = 0.5609
Step 50700/100000 | loss = 0.5744
Step 50800/100000 | loss = 0.5699
Step 50900/100000 | loss = 0.5672
Step 51000/100000 | loss = 0.5653
Step 51100/100000 | loss = 0.5698
Step 51200/100000 | loss = 0.5652
Step 51300/100000 | loss = 0.5709
Step 51400/100000 | loss = 0.5728
Step 51500/100000 | loss = 0.5694
Step 51600/100000 | loss = 0.5693
Step 51700/100000 | loss = 0.5646
Step 51800/100000 | loss = 0.5670
Step 51900/100000 | loss = 0.5673
Step 52000/100000 | loss = 0.5622
Step 52100/100000 | loss = 0.5700
Step 52200/100000 | loss = 0.5638
Step 52300/100000 | loss = 0.5604
Step 52400/100000 | loss = 0.5735
Step 52500/100000 | loss = 0.5785
Step 52600/100000 | loss = 0.5683
Step 52700/100000 | loss = 0.5669
Step 52800/100000 | loss = 0.5668
Step 52900/100000 | loss = 0.5706
Step 53000/100000 | loss = 0.5591
Step 53100/100000 | loss = 0.5670
Step 53200/100000 | loss = 0.5585
Step 53300/100000 | loss = 0.5618
Step 53400/100000 | loss = 0.5590
Step 53500/100000 | loss = 0.5641
Step 53600/100000 | loss = 0.5529
Step 53700/100000 | loss = 0.5752
Step 53800/100000 | loss = 0.5551
Step 53900/100000 | loss = 0.5643
Step 54000/100000 | loss = 0.5620
Step 54100/100000 | loss = 0.5582
Step 54200/100000 | loss = 0.5568
Step 54300/100000 | loss = 0.5527
Step 54400/100000 | loss = 0.5606
Step 54500/100000 | loss = 0.5556
Step 54600/100000 | loss = 0.5704
Step 54700/100000 | loss = 0.5661
Step 54800/100000 | loss = 0.5576
Step 54900/100000 | loss = 0.5590
Step 55000/100000 | loss = 0.5711
Step 55100/100000 | loss = 0.5639
Step 55200/100000 | loss = 0.5661
Step 55300/100000 | loss = 0.5496
Step 55400/100000 | loss = 0.5597
Step 55500/100000 | loss = 0.5706
Step 55600/100000 | loss = 0.5547
Step 55700/100000 | loss = 0.5661
Step 55800/100000 | loss = 0.5578
Step 55900/100000 | loss = 0.5622
Step 56000/100000 | loss = 0.5607
Step 56100/100000 | loss = 0.5621
Step 56200/100000 | loss = 0.5560
Step 56300/100000 | loss = 0.5534
Step 56400/100000 | loss = 0.5540
Step 56500/100000 | loss = 0.5603
Step 56600/100000 | loss = 0.5520
Step 56700/100000 | loss = 0.5548
Step 56800/100000 | loss = 0.5580
Step 56900/100000 | loss = 0.5591
Step 57000/100000 | loss = 0.5558
Step 57100/100000 | loss = 0.5532
Step 57200/100000 | loss = 0.5516
Step 57300/100000 | loss = 0.5515
Step 57400/100000 | loss = 0.5617
Step 57500/100000 | loss = 0.5669
Step 57600/100000 | loss = 0.5607
Step 57700/100000 | loss = 0.5532
Step 57800/100000 | loss = 0.5714
Step 57900/100000 | loss = 0.5562
Step 58000/100000 | loss = 0.5564
Step 58100/100000 | loss = 0.5477
Step 58200/100000 | loss = 0.5568
Step 58300/100000 | loss = 0.5592
Step 58400/100000 | loss = 0.5614
Step 58500/100000 | loss = 0.5647
Step 58600/100000 | loss = 0.5569
Step 58700/100000 | loss = 0.5644
Step 58800/100000 | loss = 0.5481
Step 58900/100000 | loss = 0.5540
Step 59000/100000 | loss = 0.5543
Step 59100/100000 | loss = 0.5500
Step 59200/100000 | loss = 0.5571
Step 59300/100000 | loss = 0.5481
Step 59400/100000 | loss = 0.5427
Step 59500/100000 | loss = 0.5511
Step 59600/100000 | loss = 0.5548
Step 59700/100000 | loss = 0.5574
Step 59800/100000 | loss = 0.5512
Step 59900/100000 | loss = 0.5559
Step 60000/100000 | loss = 0.5501
Saved checkpoint: outputs/approach7_all_embeddings_except_cls_sep/checkpoint-60000
Step 60100/100000 | loss = 0.5620
Step 60200/100000 | loss = 0.5569
Step 60300/100000 | loss = 0.5603
Step 60400/100000 | loss = 0.5469
Step 60500/100000 | loss = 0.5568
Step 60600/100000 | loss = 0.5507
Step 60700/100000 | loss = 0.5513
Step 60800/100000 | loss = 0.5475
Step 60900/100000 | loss = 0.5482
Step 61000/100000 | loss = 0.5549
Step 61100/100000 | loss = 0.5551
Step 61200/100000 | loss = 0.5498
Step 61300/100000 | loss = 0.5583
Step 61400/100000 | loss = 0.5359
Step 61500/100000 | loss = 0.5565
Step 61600/100000 | loss = 0.5589
Step 61700/100000 | loss = 0.5490
Step 61800/100000 | loss = 0.5536
Step 61900/100000 | loss = 0.5508
Step 62000/100000 | loss = 0.5430
Step 62100/100000 | loss = 0.5439
Step 62200/100000 | loss = 0.5581
Step 62300/100000 | loss = 0.5507
Step 62400/100000 | loss = 0.5534
Step 62500/100000 | loss = 0.5451
Step 62600/100000 | loss = 0.5524
Step 62700/100000 | loss = 0.5522
Step 62800/100000 | loss = 0.5535
Step 62900/100000 | loss = 0.5568
Step 63000/100000 | loss = 0.5592
Step 63100/100000 | loss = 0.5472
Step 63200/100000 | loss = 0.5585
Step 63300/100000 | loss = 0.5472
Step 63400/100000 | loss = 0.5550
Step 63500/100000 | loss = 0.5572
Step 63600/100000 | loss = 0.5532
Step 63700/100000 | loss = 0.5546
Step 63800/100000 | loss = 0.5500
Step 63900/100000 | loss = 0.5599
Step 64000/100000 | loss = 0.5439
Step 64100/100000 | loss = 0.5481
Step 64200/100000 | loss = 0.5495
Step 64300/100000 | loss = 0.5499
Step 64400/100000 | loss = 0.5452
Step 64500/100000 | loss = 0.5408
Step 64600/100000 | loss = 0.5518
Step 64700/100000 | loss = 0.5517
Step 64800/100000 | loss = 0.5550
Step 64900/100000 | loss = 0.5502
Step 65000/100000 | loss = 0.5499
Step 65100/100000 | loss = 0.5531
Step 65200/100000 | loss = 0.5510
Step 65300/100000 | loss = 0.5538
Step 65400/100000 | loss = 0.5575
Step 65500/100000 | loss = 0.5453
Step 65600/100000 | loss = 0.5475
Step 65700/100000 | loss = 0.5456
Step 65800/100000 | loss = 0.5519
Step 65900/100000 | loss = 0.5476
Step 66000/100000 | loss = 0.5465
Step 66100/100000 | loss = 0.5395
Step 66200/100000 | loss = 0.5495
Step 66300/100000 | loss = 0.5496
Step 66400/100000 | loss = 0.5561
Step 66500/100000 | loss = 0.5390
Step 66600/100000 | loss = 0.5423
Step 66700/100000 | loss = 0.5456
Step 66800/100000 | loss = 0.5369
Step 66900/100000 | loss = 0.5392
Step 67000/100000 | loss = 0.5388
Step 67100/100000 | loss = 0.5439
Step 67200/100000 | loss = 0.5356
Step 67300/100000 | loss = 0.5430
Step 67400/100000 | loss = 0.5543
Step 67500/100000 | loss = 0.5519
Step 67600/100000 | loss = 0.5430
Step 67700/100000 | loss = 0.5537
Step 67800/100000 | loss = 0.5474
Step 67900/100000 | loss = 0.5445
Step 68000/100000 | loss = 0.5496
Step 68100/100000 | loss = 0.5388
Step 68200/100000 | loss = 0.5403
Step 68300/100000 | loss = 0.5389
Step 68400/100000 | loss = 0.5499
Step 68500/100000 | loss = 0.5390
Step 68600/100000 | loss = 0.5428
Step 68700/100000 | loss = 0.5424
Step 68800/100000 | loss = 0.5430
Step 68900/100000 | loss = 0.5449
Step 69000/100000 | loss = 0.5383
Step 69100/100000 | loss = 0.5304
Step 69200/100000 | loss = 0.5435
Step 69300/100000 | loss = 0.5356
Step 69400/100000 | loss = 0.5350
Step 69500/100000 | loss = 0.5424
Step 69600/100000 | loss = 0.5472
Step 69700/100000 | loss = 0.5395
Step 69800/100000 | loss = 0.5444
Step 69900/100000 | loss = 0.5270
Step 70000/100000 | loss = 0.5449
Saved checkpoint: outputs/approach7_all_embeddings_except_cls_sep/checkpoint-70000
Step 70100/100000 | loss = 0.5470
Step 70200/100000 | loss = 0.5405
Step 70300/100000 | loss = 0.5370
Step 70400/100000 | loss = 0.5480
Step 70500/100000 | loss = 0.5428
Step 70600/100000 | loss = 0.5313
Step 70700/100000 | loss = 0.5410
Step 70800/100000 | loss = 0.5313
Step 70900/100000 | loss = 0.5465
Step 71000/100000 | loss = 0.5451
Step 71100/100000 | loss = 0.5350
Step 71200/100000 | loss = 0.5395
Step 71300/100000 | loss = 0.5449
Step 71400/100000 | loss = 0.5415
Step 71500/100000 | loss = 0.5399
Step 71600/100000 | loss = 0.5463
Step 71700/100000 | loss = 0.5465
Step 71800/100000 | loss = 0.5427
Step 71900/100000 | loss = 0.5466
Step 72000/100000 | loss = 0.5362
Step 72100/100000 | loss = 0.5379
Step 72200/100000 | loss = 0.5428
Step 72300/100000 | loss = 0.5346
Step 72400/100000 | loss = 0.5399
Step 72500/100000 | loss = 0.5347
Step 72600/100000 | loss = 0.5413
Step 72700/100000 | loss = 0.5429
Step 72800/100000 | loss = 0.5397
Step 72900/100000 | loss = 0.5435
Step 73000/100000 | loss = 0.5398
Step 73100/100000 | loss = 0.5496
Step 73200/100000 | loss = 0.5433
Step 73300/100000 | loss = 0.5307
Step 73400/100000 | loss = 0.5438
Step 73500/100000 | loss = 0.5365
Step 73600/100000 | loss = 0.5456
Step 73700/100000 | loss = 0.5419
Step 73800/100000 | loss = 0.5310
Step 73900/100000 | loss = 0.5330
Step 74000/100000 | loss = 0.5318
Step 74100/100000 | loss = 0.5320
Step 74200/100000 | loss = 0.5308
Step 74300/100000 | loss = 0.5285
Step 74400/100000 | loss = 0.5354
Step 74500/100000 | loss = 0.5283
Step 74600/100000 | loss = 0.5391
Step 74700/100000 | loss = 0.5372
Step 74800/100000 | loss = 0.5459
Step 74900/100000 | loss = 0.5456
Step 75000/100000 | loss = 0.5396
Step 75100/100000 | loss = 0.5307
Step 75200/100000 | loss = 0.5312
Step 75300/100000 | loss = 0.5410
Step 75400/100000 | loss = 0.5311
Step 75500/100000 | loss = 0.5363
Step 75600/100000 | loss = 0.5386
Step 75700/100000 | loss = 0.5359
Step 75800/100000 | loss = 0.5370
Step 75900/100000 | loss = 0.5457
Step 76000/100000 | loss = 0.5484
Step 76100/100000 | loss = 0.5374
Step 76200/100000 | loss = 0.5396
Step 76300/100000 | loss = 0.5258
Step 76400/100000 | loss = 0.5258
Step 76500/100000 | loss = 0.5298
Step 76600/100000 | loss = 0.5376
Step 76700/100000 | loss = 0.5357
Step 76800/100000 | loss = 0.5348
Step 76900/100000 | loss = 0.5427
Step 77000/100000 | loss = 0.5425
Step 77100/100000 | loss = 0.5277
Step 77200/100000 | loss = 0.5271
Step 77300/100000 | loss = 0.5293
Step 77400/100000 | loss = 0.5384
Step 77500/100000 | loss = 0.5313
Step 77600/100000 | loss = 0.5434
Step 77700/100000 | loss = 0.5422
Step 77800/100000 | loss = 0.5213
Step 77900/100000 | loss = 0.5410
Step 78000/100000 | loss = 0.5356
Step 78100/100000 | loss = 0.5356
Step 78200/100000 | loss = 0.5402
Step 78300/100000 | loss = 0.5415
Step 78400/100000 | loss = 0.5316
Step 78500/100000 | loss = 0.5388
Step 78600/100000 | loss = 0.5428
Step 78700/100000 | loss = 0.5360
Step 78800/100000 | loss = 0.5283
Step 78900/100000 | loss = 0.5367
Step 79000/100000 | loss = 0.5277
Step 79100/100000 | loss = 0.5335
Step 79200/100000 | loss = 0.5357
Step 79300/100000 | loss = 0.5266
Step 79400/100000 | loss = 0.5283
Step 79500/100000 | loss = 0.5367
Step 79600/100000 | loss = 0.5367
Step 79700/100000 | loss = 0.5357
Step 79800/100000 | loss = 0.5345
Step 79900/100000 | loss = 0.5352
Step 80000/100000 | loss = 0.5380
Saved checkpoint: outputs/approach7_all_embeddings_except_cls_sep/checkpoint-80000
Step 80100/100000 | loss = 0.5315
Step 80200/100000 | loss = 0.5298
Step 80300/100000 | loss = 0.5314
Step 80400/100000 | loss = 0.5324
Step 80500/100000 | loss = 0.5191
Step 80600/100000 | loss = 0.5373
Step 80700/100000 | loss = 0.5360
Step 80800/100000 | loss = 0.5409
Step 80900/100000 | loss = 0.5401
Step 81000/100000 | loss = 0.5264
Step 81100/100000 | loss = 0.5227
Step 81200/100000 | loss = 0.5348
Step 81300/100000 | loss = 0.5306
Step 81400/100000 | loss = 0.5304
Step 81500/100000 | loss = 0.5307
Step 81600/100000 | loss = 0.5311
Step 81700/100000 | loss = 0.5362
Step 81800/100000 | loss = 0.5235
Step 81900/100000 | loss = 0.5294
Step 82000/100000 | loss = 0.5346
Step 82100/100000 | loss = 0.5237
Step 82200/100000 | loss = 0.5204
Step 82300/100000 | loss = 0.5247
Step 82400/100000 | loss = 0.5344
Step 82500/100000 | loss = 0.5274
Step 82600/100000 | loss = 0.5373
Step 82700/100000 | loss = 0.5347
Step 82800/100000 | loss = 0.5297
Step 82900/100000 | loss = 0.5311
Step 83000/100000 | loss = 0.5340
Step 83100/100000 | loss = 0.5227
Step 83200/100000 | loss = 0.5319
Step 83300/100000 | loss = 0.5318
Step 83400/100000 | loss = 0.5314
Step 83500/100000 | loss = 0.5276
Step 83600/100000 | loss = 0.5309
Step 83700/100000 | loss = 0.5366
Step 83800/100000 | loss = 0.5344
Step 83900/100000 | loss = 0.5217
Step 84000/100000 | loss = 0.5221
Step 84100/100000 | loss = 0.5273
Step 84200/100000 | loss = 0.5228
Step 84300/100000 | loss = 0.5288
Step 84400/100000 | loss = 0.5262
Step 84500/100000 | loss = 0.5211
Step 84600/100000 | loss = 0.5321
Step 84700/100000 | loss = 0.5275
Step 84800/100000 | loss = 0.5266
Step 84900/100000 | loss = 0.5340
Step 85000/100000 | loss = 0.5251
Step 85100/100000 | loss = 0.5206
Step 85200/100000 | loss = 0.5301
Step 85300/100000 | loss = 0.5298
Step 85400/100000 | loss = 0.5231
Step 85500/100000 | loss = 0.5373
Step 85600/100000 | loss = 0.5293
Step 85700/100000 | loss = 0.5250
Step 85800/100000 | loss = 0.5221
Step 85900/100000 | loss = 0.5392
Step 86000/100000 | loss = 0.5337
Step 86100/100000 | loss = 0.5321
Step 86200/100000 | loss = 0.5306
Step 86300/100000 | loss = 0.5362
Step 86400/100000 | loss = 0.5177
Step 86500/100000 | loss = 0.5306
Step 86600/100000 | loss = 0.5305
Step 86700/100000 | loss = 0.5400
Step 86800/100000 | loss = 0.5292
Step 86900/100000 | loss = 0.5188
Step 87000/100000 | loss = 0.5259
Step 87100/100000 | loss = 0.5302
Step 87200/100000 | loss = 0.5433
Step 87300/100000 | loss = 0.5298
Step 87400/100000 | loss = 0.5286
Step 87500/100000 | loss = 0.5245
Step 87600/100000 | loss = 0.5305
Step 87700/100000 | loss = 0.5377
Step 87800/100000 | loss = 0.5274
Step 87900/100000 | loss = 0.5255
Step 88000/100000 | loss = 0.5268
Step 88100/100000 | loss = 0.5343
Step 88200/100000 | loss = 0.5229
Step 88300/100000 | loss = 0.5355
Step 88400/100000 | loss = 0.5342
Step 88500/100000 | loss = 0.5173
Step 88600/100000 | loss = 0.5351
Step 88700/100000 | loss = 0.5338
Step 88800/100000 | loss = 0.5217
Step 88900/100000 | loss = 0.5228
Step 89000/100000 | loss = 0.5303
Step 89100/100000 | loss = 0.5367
Step 89200/100000 | loss = 0.5315
Step 89300/100000 | loss = 0.5231
Step 89400/100000 | loss = 0.5304
Step 89500/100000 | loss = 0.5207
Step 89600/100000 | loss = 0.5306
Step 89700/100000 | loss = 0.5218
Step 89800/100000 | loss = 0.5241
Step 89900/100000 | loss = 0.5231
Step 90000/100000 | loss = 0.5334
Saved checkpoint: outputs/approach7_all_embeddings_except_cls_sep/checkpoint-90000
Step 90100/100000 | loss = 0.5359
Step 90200/100000 | loss = 0.5453
Step 90300/100000 | loss = 0.5342
Step 90400/100000 | loss = 0.5197
Step 90500/100000 | loss = 0.5238
Step 90600/100000 | loss = 0.5356
Step 90700/100000 | loss = 0.5254
Step 90800/100000 | loss = 0.5269
Step 90900/100000 | loss = 0.5254
Step 91000/100000 | loss = 0.5416
Step 91100/100000 | loss = 0.5113
Step 91200/100000 | loss = 0.5149
Step 91300/100000 | loss = 0.5209
Step 91400/100000 | loss = 0.5338
Step 91500/100000 | loss = 0.5169
Step 91600/100000 | loss = 0.5268
Step 91700/100000 | loss = 0.5329
Step 91800/100000 | loss = 0.5111
Step 91900/100000 | loss = 0.5269
Step 92000/100000 | loss = 0.5161
Step 92100/100000 | loss = 0.5236
Step 92200/100000 | loss = 0.5283
Step 92300/100000 | loss = 0.5319
Step 92400/100000 | loss = 0.5258
Step 92500/100000 | loss = 0.5199
Step 92600/100000 | loss = 0.5164
Step 92700/100000 | loss = 0.5249
Step 92800/100000 | loss = 0.5365
Step 92900/100000 | loss = 0.5249
Step 93000/100000 | loss = 0.5245
Step 93100/100000 | loss = 0.5267
Step 93200/100000 | loss = 0.5296
Step 93300/100000 | loss = 0.5311
Step 93400/100000 | loss = 0.5320
Step 93500/100000 | loss = 0.5382
Step 93600/100000 | loss = 0.5416
Step 93700/100000 | loss = 0.5211
Step 93800/100000 | loss = 0.5289
Step 93900/100000 | loss = 0.5192
Step 94000/100000 | loss = 0.5293
Step 94100/100000 | loss = 0.5268
Step 94200/100000 | loss = 0.5327
Step 94300/100000 | loss = 0.5241
Step 94400/100000 | loss = 0.5181
Step 94500/100000 | loss = 0.5246
Step 94600/100000 | loss = 0.5267
Step 94700/100000 | loss = 0.5189
Step 94800/100000 | loss = 0.5194
Step 94900/100000 | loss = 0.5192
Step 95000/100000 | loss = 0.5368
Step 95100/100000 | loss = 0.5246
Step 95200/100000 | loss = 0.5362
Step 95300/100000 | loss = 0.5343
Step 95400/100000 | loss = 0.5267
Step 95500/100000 | loss = 0.5329
Step 95600/100000 | loss = 0.5337
Step 95700/100000 | loss = 0.5263
Step 95800/100000 | loss = 0.5317
Step 95900/100000 | loss = 0.5257
Step 96000/100000 | loss = 0.5310
Step 96100/100000 | loss = 0.5321
Step 96200/100000 | loss = 0.5215
Step 96300/100000 | loss = 0.5275
Step 96400/100000 | loss = 0.5229
Step 96500/100000 | loss = 0.5220
Step 96600/100000 | loss = 0.5247
Step 96700/100000 | loss = 0.5304
Step 96800/100000 | loss = 0.5228
Step 96900/100000 | loss = 0.5182
Step 97000/100000 | loss = 0.5105
Step 97100/100000 | loss = 0.5195
Step 97200/100000 | loss = 0.5226
Step 97300/100000 | loss = 0.5265
Step 97400/100000 | loss = 0.5233
Step 97500/100000 | loss = 0.5143
Step 97600/100000 | loss = 0.5256
Step 97700/100000 | loss = 0.5251
Step 97800/100000 | loss = 0.5212
Step 97900/100000 | loss = 0.5201
Step 98000/100000 | loss = 0.5194
Step 98100/100000 | loss = 0.5285
Step 98200/100000 | loss = 0.5252
Step 98300/100000 | loss = 0.5129
Step 98400/100000 | loss = 0.5101
Step 98500/100000 | loss = 0.5239
Step 98600/100000 | loss = 0.5149
Step 98700/100000 | loss = 0.5220
Step 98800/100000 | loss = 0.5232
Step 98900/100000 | loss = 0.5277
Step 99000/100000 | loss = 0.5196
Step 99100/100000 | loss = 0.5279
Step 99200/100000 | loss = 0.5219
Step 99300/100000 | loss = 0.5232
Step 99400/100000 | loss = 0.5220
Step 99500/100000 | loss = 0.5208
Step 99600/100000 | loss = 0.5172
Step 99700/100000 | loss = 0.5308
Step 99800/100000 | loss = 0.5174
Step 99900/100000 | loss = 0.5241
Step 100000/100000 | loss = 0.5363
Saved checkpoint: outputs/approach7_all_embeddings_except_cls_sep/checkpoint-100000
Saved final checkpoint: outputs/approach7_all_embeddings_except_cls_sep/final
CLS change: 0.0
SEP change: 0.0
Changed embedding rows: 28854
Maximum embedding change: 2.036454916000366
Mean embedding change: 0.4469650983810425
Median embedding change: 0.47261378169059753
Top changed embeddings:
2054	what	2.03645492
2017	you	1.60366344
6210	definition	1.40190792
2073	where	1.36801922
2221	county	1.32718992
2129	how	1.28663266
14101	zip	1.26522529
3465	cost	1.22227240
2115	your	1.21631372
4633	weather	1.17918909
1007	)	1.16282511
1996	the	1.14159608
18909	##ories	1.13688242
8030	symptoms	1.12679994
2146	long	1.12480688
2779	average	1.12444091
7737	##°	1.12322235
4276	worth	1.12030172
10300	salary	1.10812807
3574	meaning	1.10275018
