Using device: cuda
Document table: docs
Document id column: id
Document text column: text
Loaded queries: 808731
Trainable parameters: 335143938
Total model parameters: 335143938
Trainable percentage: 100.0
Batch size: 8
Accumulation steps: 16
Effective batch size: 128
Step 100/100000 | loss = 0.7127
Step 200/100000 | loss = 0.7078
Step 300/100000 | loss = 0.7046
Step 400/100000 | loss = 0.7009
Step 500/100000 | loss = 0.6788
Step 600/100000 | loss = 0.6489
Step 700/100000 | loss = 0.6301
Step 800/100000 | loss = 0.5911
Step 900/100000 | loss = 0.5757
Step 1000/100000 | loss = 0.5484
Step 1100/100000 | loss = 0.5059
Step 1200/100000 | loss = 0.4871
Step 1300/100000 | loss = 0.4454
Step 1400/100000 | loss = 0.4578
Step 1500/100000 | loss = 0.3983
Step 1600/100000 | loss = 0.3690
Step 1700/100000 | loss = 0.3642
Step 1800/100000 | loss = 0.3318
Step 1900/100000 | loss = 0.3312
Step 2000/100000 | loss = 0.3342
Step 2100/100000 | loss = 0.3219
Step 2200/100000 | loss = 0.3079
Step 2300/100000 | loss = 0.3051
Step 2400/100000 | loss = 0.2709
Step 2500/100000 | loss = 0.2917
Step 2600/100000 | loss = 0.2767
Step 2700/100000 | loss = 0.2674
Step 2800/100000 | loss = 0.2647
Step 2900/100000 | loss = 0.2482
Step 3000/100000 | loss = 0.2731
Step 3100/100000 | loss = 0.2160
Step 3200/100000 | loss = 0.2296
Step 3300/100000 | loss = 0.2506
Step 3400/100000 | loss = 0.2800
Step 3500/100000 | loss = 0.2403
Step 3600/100000 | loss = 0.2383
Step 3700/100000 | loss = 0.2362
Step 3800/100000 | loss = 0.2176
Step 3900/100000 | loss = 0.2409
Step 4000/100000 | loss = 0.2016
Step 4100/100000 | loss = 0.2384
Step 4200/100000 | loss = 0.2383
Step 4300/100000 | loss = 0.2061
Step 4400/100000 | loss = 0.2247
Step 4500/100000 | loss = 0.2254
Step 4600/100000 | loss = 0.2014
Step 4700/100000 | loss = 0.2086
Step 4800/100000 | loss = 0.2409
Step 4900/100000 | loss = 0.1954
Step 5000/100000 | loss = 0.2244
Saved checkpoint at step 5000: outputs/full_monobert/latest/checkpoint.pt
Step 5100/100000 | loss = 0.1978
Step 5200/100000 | loss = 0.2140
Step 5300/100000 | loss = 0.2026
Step 5400/100000 | loss = 0.2023
Step 5500/100000 | loss = 0.2088
Step 5600/100000 | loss = 0.1967
Step 5700/100000 | loss = 0.2361
Step 5800/100000 | loss = 0.2415
Step 5900/100000 | loss = 0.1854
Step 6000/100000 | loss = 0.2367
Step 6100/100000 | loss = 0.2023
Step 6200/100000 | loss = 0.1645
Step 6300/100000 | loss = 0.1722
Step 6400/100000 | loss = 0.2194
Step 6500/100000 | loss = 0.2126
Step 6600/100000 | loss = 0.2203
Step 6700/100000 | loss = 0.1767
Step 6800/100000 | loss = 0.1578
Step 6900/100000 | loss = 0.1929
Step 7000/100000 | loss = 0.1925
Step 7100/100000 | loss = 0.1603
Step 7200/100000 | loss = 0.1757
Step 7300/100000 | loss = 0.1791
Step 7400/100000 | loss = 0.1904
Step 7500/100000 | loss = 0.2142
Step 7600/100000 | loss = 0.2071
Step 7700/100000 | loss = 0.2136
Step 7800/100000 | loss = 0.2072
Step 7900/100000 | loss = 0.2229
Step 8000/100000 | loss = 0.1987
Step 8100/100000 | loss = 0.1935
Step 8200/100000 | loss = 0.1897
Step 8300/100000 | loss = 0.1922
Step 8400/100000 | loss = 0.1948
Step 8500/100000 | loss = 0.1592
Step 8600/100000 | loss = 0.1734
Step 8700/100000 | loss = 0.2046
Step 8800/100000 | loss = 0.2011
Step 8900/100000 | loss = 0.2011
Step 9000/100000 | loss = 0.2122
Step 9100/100000 | loss = 0.1544
Step 9200/100000 | loss = 0.2196
Step 9300/100000 | loss = 0.1748
Step 9400/100000 | loss = 0.1879
Step 9500/100000 | loss = 0.1467
Step 9600/100000 | loss = 0.2135
Step 9700/100000 | loss = 0.2196
Step 9800/100000 | loss = 0.1676
Step 9900/100000 | loss = 0.1915
Step 10000/100000 | loss = 0.1520
Saved checkpoint at step 10000: outputs/full_monobert/latest/checkpoint.pt
Step 10100/100000 | loss = 0.1740
Step 10200/100000 | loss = 0.1739
Step 10300/100000 | loss = 0.1330
Step 10400/100000 | loss = 0.2118
Step 10500/100000 | loss = 0.2106
Step 10600/100000 | loss = 0.1519
Step 10700/100000 | loss = 0.1804
Step 10800/100000 | loss = 0.2116
Step 10900/100000 | loss = 0.1883
Step 11000/100000 | loss = 0.1783
Step 11100/100000 | loss = 0.1739
Step 11200/100000 | loss = 0.1774
Step 11300/100000 | loss = 0.1909
Step 11400/100000 | loss = 0.1955
Step 11500/100000 | loss = 0.1796
Step 11600/100000 | loss = 0.2152
Step 11700/100000 | loss = 0.1241
Step 11800/100000 | loss = 0.2190
Step 11900/100000 | loss = 0.1643
Step 12000/100000 | loss = 0.1836
Step 12100/100000 | loss = 0.1688
Step 12200/100000 | loss = 0.1646
Step 12300/100000 | loss = 0.1173
Step 12400/100000 | loss = 0.1724
Step 12500/100000 | loss = 0.1743
Step 12600/100000 | loss = 0.1784
Step 12700/100000 | loss = 0.1295
Step 12800/100000 | loss = 0.1674
Step 12900/100000 | loss = 0.1714
Step 13000/100000 | loss = 0.1748
Step 13100/100000 | loss = 0.1923
Step 13200/100000 | loss = 0.1817
Step 13300/100000 | loss = 0.1526
Step 13400/100000 | loss = 0.1573
Step 13500/100000 | loss = 0.1502
Step 13600/100000 | loss = 0.1905
Step 13700/100000 | loss = 0.1781
Step 13800/100000 | loss = 0.1482
Step 13900/100000 | loss = 0.1864
Step 14000/100000 | loss = 0.1602
Step 14100/100000 | loss = 0.1602
Step 14200/100000 | loss = 0.1221
Step 14300/100000 | loss = 0.1641
Step 14400/100000 | loss = 0.1719
Step 14500/100000 | loss = 0.1697
Step 14600/100000 | loss = 0.1414
Step 14700/100000 | loss = 0.1420
Step 14800/100000 | loss = 0.1429
Step 14900/100000 | loss = 0.1241
Step 15000/100000 | loss = 0.1403
Saved checkpoint at step 15000: outputs/full_monobert/latest/checkpoint.pt
Step 15100/100000 | loss = 0.1750
Step 15200/100000 | loss = 0.1680
Step 15300/100000 | loss = 0.1481
Step 15400/100000 | loss = 0.1746
Step 15500/100000 | loss = 0.1678
Step 15600/100000 | loss = 0.1304
Step 15700/100000 | loss = 0.1850
Step 15800/100000 | loss = 0.1595
Step 15900/100000 | loss = 0.1486
Step 16000/100000 | loss = 0.1787
Step 16100/100000 | loss = 0.1559
Step 16200/100000 | loss = 0.1599
Step 16300/100000 | loss = 0.1753
Step 16400/100000 | loss = 0.1443
Step 16500/100000 | loss = 0.1675
Step 16600/100000 | loss = 0.1926
Step 16700/100000 | loss = 0.1294
Step 16800/100000 | loss = 0.1124
Step 16900/100000 | loss = 0.1393
Step 17000/100000 | loss = 0.1558
Step 17100/100000 | loss = 0.1674
Step 17200/100000 | loss = 0.1203
Step 17300/100000 | loss = 0.1512
Step 17400/100000 | loss = 0.1455
Step 17500/100000 | loss = 0.1292
Step 17600/100000 | loss = 0.1601
Step 17700/100000 | loss = 0.1585
Step 17800/100000 | loss = 0.1802
Step 17900/100000 | loss = 0.1633
Step 18000/100000 | loss = 0.1367
Step 18100/100000 | loss = 0.1598
Step 18200/100000 | loss = 0.1370
Step 18300/100000 | loss = 0.1575
Step 18400/100000 | loss = 0.1499
Step 18500/100000 | loss = 0.1230
Step 18600/100000 | loss = 0.1533
Step 18700/100000 | loss = 0.1405
Step 18800/100000 | loss = 0.1717
Step 18900/100000 | loss = 0.1364
Step 19000/100000 | loss = 0.1560
Step 19100/100000 | loss = 0.1370
Step 19200/100000 | loss = 0.1273
Step 19300/100000 | loss = 0.1652
Step 19400/100000 | loss = 0.1391
Step 19500/100000 | loss = 0.1739
Step 19600/100000 | loss = 0.1065
Step 19700/100000 | loss = 0.1406
Step 19800/100000 | loss = 0.1245
Step 19900/100000 | loss = 0.1431
Step 20000/100000 | loss = 0.1389
Saved checkpoint at step 20000: outputs/full_monobert/latest/checkpoint.pt
Step 20100/100000 | loss = 0.1364
Step 20200/100000 | loss = 0.1631
Step 20300/100000 | loss = 0.1449
Step 20400/100000 | loss = 0.1232
Step 20500/100000 | loss = 0.1363
Step 20600/100000 | loss = 0.1382
Step 20700/100000 | loss = 0.1375
Step 20800/100000 | loss = 0.1596
Step 20900/100000 | loss = 0.1254
Step 21000/100000 | loss = 0.1478
Step 21100/100000 | loss = 0.1502
Step 21200/100000 | loss = 0.1608
Step 21300/100000 | loss = 0.1305
Step 21400/100000 | loss = 0.1542
Step 21500/100000 | loss = 0.1269
Step 21600/100000 | loss = 0.1760
Step 21700/100000 | loss = 0.1446
Step 21800/100000 | loss = 0.1140
Step 21900/100000 | loss = 0.1211
Step 22000/100000 | loss = 0.1364
Step 22100/100000 | loss = 0.1381
Step 22200/100000 | loss = 0.1313
Step 22300/100000 | loss = 0.1306
Step 22400/100000 | loss = 0.1511
Step 22500/100000 | loss = 0.1231
Step 22600/100000 | loss = 0.1058
Step 22700/100000 | loss = 0.1366
Step 22800/100000 | loss = 0.1458
Step 22900/100000 | loss = 0.1618
Step 23000/100000 | loss = 0.1341
Step 23100/100000 | loss = 0.1579
Step 23200/100000 | loss = 0.1352
Step 23300/100000 | loss = 0.1273
Step 23400/100000 | loss = 0.1197
Step 23500/100000 | loss = 0.1855
Step 23600/100000 | loss = 0.1422
Step 23700/100000 | loss = 0.1371
Step 23800/100000 | loss = 0.1181
Step 23900/100000 | loss = 0.1329
Step 24000/100000 | loss = 0.1243
Step 24100/100000 | loss = 0.1359
Step 24200/100000 | loss = 0.1564
Step 24300/100000 | loss = 0.1195
Step 24400/100000 | loss = 0.1426
Step 24500/100000 | loss = 0.1666
Step 24600/100000 | loss = 0.1210
Step 24700/100000 | loss = 0.1289
Step 24800/100000 | loss = 0.1536
Step 24900/100000 | loss = 0.1459
Step 25000/100000 | loss = 0.1586
Saved checkpoint at step 25000: outputs/full_monobert/latest/checkpoint.pt
Step 25100/100000 | loss = 0.1545
Step 25200/100000 | loss = 0.1636
Step 25300/100000 | loss = 0.1511
Step 25400/100000 | loss = 0.1180
Step 25500/100000 | loss = 0.1185
Step 25600/100000 | loss = 0.1308
Step 25700/100000 | loss = 0.1296
Step 25800/100000 | loss = 0.1395
Step 25900/100000 | loss = 0.1278
Step 26000/100000 | loss = 0.1558
Step 26100/100000 | loss = 0.1719
Step 26200/100000 | loss = 0.1255
Step 26300/100000 | loss = 0.1352
Step 26400/100000 | loss = 0.1064
Step 26500/100000 | loss = 0.1242
Step 26600/100000 | loss = 0.1305
Step 26700/100000 | loss = 0.1172
Step 26800/100000 | loss = 0.1256
Step 26900/100000 | loss = 0.1256
Step 27000/100000 | loss = 0.1503
Step 27100/100000 | loss = 0.1241
Step 27200/100000 | loss = 0.1317
Step 27300/100000 | loss = 0.1460
Step 27400/100000 | loss = 0.1257
Step 27500/100000 | loss = 0.1310
Step 27600/100000 | loss = 0.1166
Step 27700/100000 | loss = 0.1606
Step 27800/100000 | loss = 0.1348
Step 27900/100000 | loss = 0.1481
Step 28000/100000 | loss = 0.1246
Step 28100/100000 | loss = 0.1286
Step 28200/100000 | loss = 0.1540
Step 28300/100000 | loss = 0.1328
Step 28400/100000 | loss = 0.1309
Step 28500/100000 | loss = 0.1305
Step 28600/100000 | loss = 0.1295
Step 28700/100000 | loss = 0.1626
Step 28800/100000 | loss = 0.1345
Step 28900/100000 | loss = 0.1412
Step 29000/100000 | loss = 0.1524
Step 29100/100000 | loss = 0.1610
Step 29200/100000 | loss = 0.1162
Step 29300/100000 | loss = 0.1401
Step 29400/100000 | loss = 0.1103
Step 29500/100000 | loss = 0.0960
Step 29600/100000 | loss = 0.1522
Step 29700/100000 | loss = 0.1326
Step 29800/100000 | loss = 0.1247
Step 29900/100000 | loss = 0.1313
Step 30000/100000 | loss = 0.1214
Saved checkpoint at step 30000: outputs/full_monobert/latest/checkpoint.pt
Step 30100/100000 | loss = 0.1299
Step 30200/100000 | loss = 0.1480
Step 30300/100000 | loss = 0.1188
Step 30400/100000 | loss = 0.1487
Step 30500/100000 | loss = 0.1244
Step 30600/100000 | loss = 0.1535
Step 30700/100000 | loss = 0.1272
Step 30800/100000 | loss = 0.1183
Step 30900/100000 | loss = 0.1582
Step 31000/100000 | loss = 0.1482
Step 31100/100000 | loss = 0.1680
Step 31200/100000 | loss = 0.1336
Step 31300/100000 | loss = 0.1307
Step 31400/100000 | loss = 0.1146
Step 31500/100000 | loss = 0.1565
Step 31600/100000 | loss = 0.1220
Step 31700/100000 | loss = 0.1307
Step 31800/100000 | loss = 0.1327
Step 31900/100000 | loss = 0.1254
Step 32000/100000 | loss = 0.1231
Step 32100/100000 | loss = 0.0830
Step 32200/100000 | loss = 0.1253
Step 32300/100000 | loss = 0.1323
Step 32400/100000 | loss = 0.1145
Step 32500/100000 | loss = 0.1314
Step 32600/100000 | loss = 0.1244
Step 32700/100000 | loss = 0.1311
Step 32800/100000 | loss = 0.1175
Step 32900/100000 | loss = 0.1345
Step 33000/100000 | loss = 0.1371
Step 33100/100000 | loss = 0.0888
Step 33200/100000 | loss = 0.1327
Step 33300/100000 | loss = 0.1229
Step 33400/100000 | loss = 0.0932
Step 33500/100000 | loss = 0.1046
Step 33600/100000 | loss = 0.1462
Step 33700/100000 | loss = 0.1591
Step 33800/100000 | loss = 0.1165
Step 33900/100000 | loss = 0.1463
Step 34000/100000 | loss = 0.1576
Step 34100/100000 | loss = 0.1300
Step 34200/100000 | loss = 0.1323
Step 34300/100000 | loss = 0.0981
Step 34400/100000 | loss = 0.1313
Step 34500/100000 | loss = 0.1215
Step 34600/100000 | loss = 0.1215
Step 34700/100000 | loss = 0.1226
Step 34800/100000 | loss = 0.1176
Step 34900/100000 | loss = 0.1124
Step 35000/100000 | loss = 0.1077
Saved checkpoint at step 35000: outputs/full_monobert/latest/checkpoint.pt
Step 35100/100000 | loss = 0.1388
Step 35200/100000 | loss = 0.1133
Step 35300/100000 | loss = 0.1349
Step 35400/100000 | loss = 0.1349
Step 35500/100000 | loss = 0.1120
Step 35600/100000 | loss = 0.1198
Step 35700/100000 | loss = 0.1338
Step 35800/100000 | loss = 0.1025
Step 35900/100000 | loss = 0.1165
Step 36000/100000 | loss = 0.1157
Step 36100/100000 | loss = 0.1442
Step 36200/100000 | loss = 0.1065
Step 36300/100000 | loss = 0.1545
Step 36400/100000 | loss = 0.1360
Step 36500/100000 | loss = 0.1717
Step 36600/100000 | loss = 0.0946
Step 36700/100000 | loss = 0.1455
Step 36800/100000 | loss = 0.1368
Step 36900/100000 | loss = 0.1068
Step 37000/100000 | loss = 0.1253
Step 37100/100000 | loss = 0.1142
Step 37200/100000 | loss = 0.0860
Step 37300/100000 | loss = 0.1073
Step 37400/100000 | loss = 0.1108
Step 37500/100000 | loss = 0.1526
Step 37600/100000 | loss = 0.0963
Step 37700/100000 | loss = 0.1342
Step 37800/100000 | loss = 0.1536
Step 37900/100000 | loss = 0.1134
Step 38000/100000 | loss = 0.1563
Step 38100/100000 | loss = 0.1218
Step 38200/100000 | loss = 0.1500
Step 38300/100000 | loss = 0.1223
Step 38400/100000 | loss = 0.1259
Step 38500/100000 | loss = 0.1588
Step 38600/100000 | loss = 0.1108
Step 38700/100000 | loss = 0.1350
Step 38800/100000 | loss = 0.1379
Step 38900/100000 | loss = 0.1397
Step 39000/100000 | loss = 0.1074
Step 39100/100000 | loss = 0.1206
Step 39200/100000 | loss = 0.1194
Step 39300/100000 | loss = 0.1074
Step 39400/100000 | loss = 0.1204
Step 39500/100000 | loss = 0.1422
Step 39600/100000 | loss = 0.1148
Step 39700/100000 | loss = 0.0998
Step 39800/100000 | loss = 0.1061
Step 39900/100000 | loss = 0.1082
Step 40000/100000 | loss = 0.1311
Saved checkpoint at step 40000: outputs/full_monobert/latest/checkpoint.pt
Step 40100/100000 | loss = 0.1294
Step 40200/100000 | loss = 0.1386
Step 40300/100000 | loss = 0.1268
Step 40400/100000 | loss = 0.1193
Step 40500/100000 | loss = 0.1373
Step 40600/100000 | loss = 0.1306
Step 40700/100000 | loss = 0.1189
Step 40800/100000 | loss = 0.1504
Step 40900/100000 | loss = 0.1526
Step 41000/100000 | loss = 0.1410
Step 41100/100000 | loss = 0.1323
Step 41200/100000 | loss = 0.1223
Step 41300/100000 | loss = 0.0937
Step 41400/100000 | loss = 0.1212
Step 41500/100000 | loss = 0.0965
